ARM Linker, 4.1 [Build 561] [Evaluation]

==============================================================================

Section Cross References

    p3.o(prog) refers to p3.o(datos) for vector2


==============================================================================

Image Symbol Table

    Local Symbols

    Symbol Name                              Value     Ov Type        Size  Object(Section)

    p3.s                                     0x00000000   Number         0  p3.o ABSOLUTE
    prog                                     0x00400000   Section       96  p3.o(prog)
    datos                                    0x00400060   Section       20  p3.o(datos)
    vector2                                  0x00400060   Data          20  p3.o(datos)

    Global Symbols

    Symbol Name                              Value     Ov Type        Size  Object(Section)

    BuildAttributes$$THM_ISAv1$ARM_ISAv4$S$PE$A:L22$X:L11$S22$IEEE1$IW$USESV6$~STKCKD$USESV7$~SHL$OSPACE$EBA8$STANDARDLIB$PRES8$EABIv2 0x00000000   Number         0  anon$$obj.o ABSOLUTE



==============================================================================

Memory Map of the image

  Image Entry point : 0x00400000

  Load Region LR_IRAM1 (Base: 0x00400000, Size: 0x00000074, Max: 0x00100000, ABSOLUTE)

    Execution Region ER_IRAM1 (Base: 0x00400000, Size: 0x00000074, Max: 0xffffffff, ABSOLUTE)

    Base Addr    Size         Type   Attr      Idx    E Section Name        Object

    0x00400000   0x00000060   Code   RO            2  * prog                p3.o
    0x00400060   0x00000014   Data   RW            1    datos               p3.o


==============================================================================

Image component sizes


      Code (inc. data)   RO Data    RW Data    ZI Data      Debug   Object Name

        96          4          0         20          0        316   p3.o

    ----------------------------------------------------------------------
        96          4          0         20          0        316   Object Totals
         0          0          0          0          0          0   (incl. Generated)
         0          0          0          0          0          0   (incl. Padding)

    ----------------------------------------------------------------------
         0          0          0          0          0          0   Library Totals
         0          0          0          0          0          0   (incl. Padding)

    ----------------------------------------------------------------------

==============================================================================


      Code (inc. data)   RO Data    RW Data    ZI Data      Debug   

        96          4          0         20          0        316   Grand Totals
        96          4          0         20          0        316   ELF Image Totals
        96          4          0         20          0          0   ROM Totals

==============================================================================

    Total RO  Size (Code + RO Data)                   96 (   0.09kB)
    Total RW  Size (RW Data + ZI Data)                20 (   0.02kB)
    Total ROM Size (Code + RO Data + RW Data)        116 (   0.11kB)

==============================================================================

