ARM Linker, 4.1 [Build 561] [Evaluation]

==============================================================================

Section Cross References

    practica1.o(prog) refers to practica1.o(datos) for resul


==============================================================================

Image Symbol Table

    Local Symbols

    Symbol Name                              Value     Ov Type        Size  Object(Section)

    ..\Practicas\AOC1-P1\practica1.s         0x00000000   Number         0  practica1.o ABSOLUTE
    prog                                     0x40000000   Section       56  practica1.o(prog)
    datos                                    0x40000038   Section       56  practica1.o(datos)
    trad                                     0x40000038   Data          22  practica1.o(datos)
    serie                                    0x40000050   Data          13  practica1.o(datos)
    resul                                    0x40000060   Data          13  practica1.o(datos)

    Global Symbols

    Symbol Name                              Value     Ov Type        Size  Object(Section)

    BuildAttributes$$THM_ISAv1$ARM_ISAv4$S$PE$A:L22$X:L11$S22$IEEE1$IW$USESV6$~STKCKD$USESV7$~SHL$OSPACE$EBA8$STANDARDLIB$PRES8$EABIv2 0x00000000   Number         0  anon$$obj.o ABSOLUTE



==============================================================================

Memory Map of the image

  Image Entry point : 0x40000000

  Load Region LR_IRAM1 (Base: 0x40000000, Size: 0x00000070, Max: 0x00004000, ABSOLUTE)

    Execution Region ER_IRAM1 (Base: 0x40000000, Size: 0x00000070, Max: 0xffffffff, ABSOLUTE)

    Base Addr    Size         Type   Attr      Idx    E Section Name        Object

    0x40000000   0x00000038   Code   RO            2  * prog                practica1.o
    0x40000038   0x00000038   Data   RW            1    datos               practica1.o


==============================================================================

Image component sizes


      Code (inc. data)   RO Data    RW Data    ZI Data      Debug   Object Name

        56         12          0         56          0        328   practica1.o

    ----------------------------------------------------------------------
        56         12          0         56          0        328   Object Totals
         0          0          0          0          0          0   (incl. Generated)
         0          0          0          0          0          0   (incl. Padding)

    ----------------------------------------------------------------------
         0          0          0          0          0          0   Library Totals
         0          0          0          0          0          0   (incl. Padding)

    ----------------------------------------------------------------------

==============================================================================


      Code (inc. data)   RO Data    RW Data    ZI Data      Debug   

        56         12          0         56          0        328   Grand Totals
        56         12          0         56          0        328   ELF Image Totals
        56         12          0         56          0          0   ROM Totals

==============================================================================

    Total RO  Size (Code + RO Data)                   56 (   0.05kB)
    Total RW  Size (RW Data + ZI Data)                56 (   0.05kB)
    Total ROM Size (Code + RO Data + RW Data)        112 (   0.11kB)

==============================================================================

