<html>
<body>
<pre>
<h1>µVision Build Log</h1>
<h2>Project:</h2>
C:\Users\Pablo\Desktop\Ingenieria Informatica\Universidad\2023-2024\Segundo cuatrimestre\APUNTES_ARQUITECTURA\Practicas 2023 2024\P3\Subrutina\Subrutinas.uvproj
Project File Date:  04/08/2024

<h2>Output:</h2>
Build target 'Target 1'
assembling practica2_2.s...
..\..\P2\P2_2-20240211T194642Z-001\P2_2\practica2_2.s(77): warning: A1608W: MOV pc,<rn> instruction used, but BX <rn> is preferred
..\..\P2\P2_2-20240211T194642Z-001\P2_2\practica2_2.s:    77 000000a0      mov pc, lr
..\..\P2\P2_2-20240211T194642Z-001\P2_2\practica2_2.s(116): warning: A1608W: MOV pc,<rn> instruction used, but BX <rn> is preferred
..\..\P2\P2_2-20240211T194642Z-001\P2_2\practica2_2.s:   116 00000104   mov pc, lr               
..\..\P2\P2_2-20240211T194642Z-001\P2_2\practica2_2.s: 0 Errors, 2 Warnings
linking...
Program Size: Code=284 RO-data=0 RW-data=100 ZI-data=0  
"Subrutinas.axf" - 0 Error(s), 2 Warning(s).
