ARM Linker, 4.1 [Build 561] [Evaluation]

==============================================================================

Section Cross References

    p5.o(prog) refers to p5.o(datos) for topila


==============================================================================

Image Symbol Table

    Local Symbols

    Symbol Name                              Value     Ov Type        Size  Object(Section)

    p5.s                                     0x00000000   Number         0  p5.o ABSOLUTE
    prog                                     0x00400000   Section      224  p5.o(prog)
    datos                                    0x004000e0   Section       88  p5.o(datos)
    vector                                   0x004000e0   Data          40  p5.o(datos)
    topila                                   0x00400138   Data           0  p5.o(datos)

    Global Symbols

    Symbol Name                              Value     Ov Type        Size  Object(Section)

    BuildAttributes$$THM_ISAv1$ARM_ISAv4$S$PE$A:L22$X:L11$S22$IEEE1$IW$USESV6$~STKCKD$USESV7$~SHL$OSPACE$EBA8$STANDARDLIB$EABIv2 0x00000000   Number         0  anon$$obj.o ABSOLUTE



==============================================================================

Memory Map of the image

  Image Entry point : 0x00400000

  Load Region LR_IRAM1 (Base: 0x00400000, Size: 0x00000138, Max: 0x00100000, ABSOLUTE)

    Execution Region ER_IRAM1 (Base: 0x00400000, Size: 0x00000138, Max: 0xffffffff, ABSOLUTE)

    Base Addr    Size         Type   Attr      Idx    E Section Name        Object

    0x00400000   0x000000e0   Code   RO            2  * prog                p5.o
    0x004000e0   0x00000058   Data   RW            1    datos               p5.o


==============================================================================

Image component sizes


      Code (inc. data)   RO Data    RW Data    ZI Data      Debug   Object Name

       224          8          0         88          0        336   p5.o

    ----------------------------------------------------------------------
       224          8          0         88          0        336   Object Totals
         0          0          0          0          0          0   (incl. Generated)
         0          0          0          0          0          0   (incl. Padding)

    ----------------------------------------------------------------------
         0          0          0          0          0          0   Library Totals
         0          0          0          0          0          0   (incl. Padding)

    ----------------------------------------------------------------------

==============================================================================


      Code (inc. data)   RO Data    RW Data    ZI Data      Debug   

       224          8          0         88          0        336   Grand Totals
       224          8          0         88          0        336   ELF Image Totals
       224          8          0         88          0          0   ROM Totals

==============================================================================

    Total RO  Size (Code + RO Data)                  224 (   0.22kB)
    Total RW  Size (RW Data + ZI Data)                88 (   0.09kB)
    Total ROM Size (Code + RO Data + RW Data)        312 (   0.30kB)

==============================================================================

