ARM Linker, 4.1 [Build 561] [Evaluation]

==============================================================================

Section Cross References

    practica2_2.o(prog) refers to practica2_2.o(datos) for vector


==============================================================================

Image Symbol Table

    Local Symbols

    Symbol Name                              Value     Ov Type        Size  Object(Section)

    ..\P2\P2_2-20240211T194642Z-001\P2_2\practica2_2.s 0x00000000   Number         0  practica2_2.o ABSOLUTE
    prog                                     0x00400000   Section       68  practica2_2.o(prog)
    datos                                    0x00400044   Section       24  practica2_2.o(datos)
    vector                                   0x00400044   Data          24  practica2_2.o(datos)

    Global Symbols

    Symbol Name                              Value     Ov Type        Size  Object(Section)

    BuildAttributes$$THM_ISAv1$ARM_ISAv4$S$PE$A:L22$X:L11$S22$IEEE1$IW$USESV6$~STKCKD$USESV7$~SHL$OSPACE$EBA8$STANDARDLIB$PRES8$EABIv2 0x00000000   Number         0  anon$$obj.o ABSOLUTE



==============================================================================

Memory Map of the image

  Image Entry point : 0x00400000

  Load Region LR_IRAM1 (Base: 0x00400000, Size: 0x0000005c, Max: 0x00100000, ABSOLUTE)

    Execution Region ER_IRAM1 (Base: 0x00400000, Size: 0x0000005c, Max: 0xffffffff, ABSOLUTE)

    Base Addr    Size         Type   Attr      Idx    E Section Name        Object

    0x00400000   0x00000044   Code   RO            2  * prog                practica2_2.o
    0x00400044   0x00000018   Data   RW            1    datos               practica2_2.o


==============================================================================

Image component sizes


      Code (inc. data)   RO Data    RW Data    ZI Data      Debug   Object Name

        68          4          0         24          0        392   practica2_2.o

    ----------------------------------------------------------------------
        68          4          0         24          0        392   Object Totals
         0          0          0          0          0          0   (incl. Generated)
         0          0          0          0          0          0   (incl. Padding)

    ----------------------------------------------------------------------
         0          0          0          0          0          0   Library Totals
         0          0          0          0          0          0   (incl. Padding)

    ----------------------------------------------------------------------

==============================================================================


      Code (inc. data)   RO Data    RW Data    ZI Data      Debug   

        68          4          0         24          0        392   Grand Totals
        68          4          0         24          0        392   ELF Image Totals
        68          4          0         24          0          0   ROM Totals

==============================================================================

    Total RO  Size (Code + RO Data)                   68 (   0.07kB)
    Total RW  Size (RW Data + ZI Data)                24 (   0.02kB)
    Total ROM Size (Code + RO Data + RW Data)         92 (   0.09kB)

==============================================================================

